MPLINK 5.00, LINKER
Linker Map File - Created Tue Dec 24 10:26:56 2024

                                 Section Info
                  Section       Type    Address   Location Size(Bytes)
                ---------  ---------  ---------  ---------  ---------
                   .org_0       code   0x000000    program   0x000004
                   .cinit    romdata   0x000004    program   0x000002
                   .org_1       code   0x000008    program   0x0000b8



                              Program Memory Usage 
                               Start         End      
                           ---------   ---------      
                            0x000000    0x000005      
                            0x000008    0x0000bf      
            190 out of 33048 program addresses used, program memory utilization is 0%



                              Symbols - Sorted by Name
                     Name    Address   Location    Storage File                     
                ---------  ---------  ---------  --------- ---------                
                 DELAY_3S   0x000078    program     static D:\5th Sem\MicroProcessors\Lab13\labfinal.asm
                 DELAY_4S   0x000088    program     static D:\5th Sem\MicroProcessors\Lab13\labfinal.asm
                 DELAY_5S   0x000068    program     static D:\5th Sem\MicroProcessors\Lab13\labfinal.asm
            DELAY_LOOP_3S   0x00007c    program     static D:\5th Sem\MicroProcessors\Lab13\labfinal.asm
            DELAY_LOOP_4S   0x00008c    program     static D:\5th Sem\MicroProcessors\Lab13\labfinal.asm
            DELAY_LOOP_5S   0x00006c    program     static D:\5th Sem\MicroProcessors\Lab13\labfinal.asm
           EMERGENCY_MODE   0x000050    program     static D:\5th Sem\MicroProcessors\Lab13\labfinal.asm
              INIT_TIMER0   0x000062    program     static D:\5th Sem\MicroProcessors\Lab13\labfinal.asm
                      ISR   0x0000ae    program     static D:\5th Sem\MicroProcessors\Lab13\labfinal.asm
                     MAIN   0x00000c    program     static D:\5th Sem\MicroProcessors\Lab13\labfinal.asm
          NORMAL_SEQUENCE   0x000028    program     static D:\5th Sem\MicroProcessors\Lab13\labfinal.asm
          PEDESTRIAN_MODE   0x000044    program     static D:\5th Sem\MicroProcessors\Lab13\labfinal.asm
              TIMER_DELAY   0x000098    program     static D:\5th Sem\MicroProcessors\Lab13\labfinal.asm
           WAIT_EMERGENCY   0x000058    program     static D:\5th Sem\MicroProcessors\Lab13\labfinal.asm
                WAIT_LOOP   0x0000a4    program     static D:\5th Sem\MicroProcessors\Lab13\labfinal.asm



                              Symbols - Sorted by Address
                     Name    Address   Location    Storage File                     
                ---------  ---------  ---------  --------- ---------                
                     MAIN   0x00000c    program     static D:\5th Sem\MicroProcessors\Lab13\labfinal.asm
          NORMAL_SEQUENCE   0x000028    program     static D:\5th Sem\MicroProcessors\Lab13\labfinal.asm
          PEDESTRIAN_MODE   0x000044    program     static D:\5th Sem\MicroProcessors\Lab13\labfinal.asm
           EMERGENCY_MODE   0x000050    program     static D:\5th Sem\MicroProcessors\Lab13\labfinal.asm
           WAIT_EMERGENCY   0x000058    program     static D:\5th Sem\MicroProcessors\Lab13\labfinal.asm
              INIT_TIMER0   0x000062    program     static D:\5th Sem\MicroProcessors\Lab13\labfinal.asm
                 DELAY_5S   0x000068    program     static D:\5th Sem\MicroProcessors\Lab13\labfinal.asm
            DELAY_LOOP_5S   0x00006c    program     static D:\5th Sem\MicroProcessors\Lab13\labfinal.asm
                 DELAY_3S   0x000078    program     static D:\5th Sem\MicroProcessors\Lab13\labfinal.asm
            DELAY_LOOP_3S   0x00007c    program     static D:\5th Sem\MicroProcessors\Lab13\labfinal.asm
                 DELAY_4S   0x000088    program     static D:\5th Sem\MicroProcessors\Lab13\labfinal.asm
            DELAY_LOOP_4S   0x00008c    program     static D:\5th Sem\MicroProcessors\Lab13\labfinal.asm
              TIMER_DELAY   0x000098    program     static D:\5th Sem\MicroProcessors\Lab13\labfinal.asm
                WAIT_LOOP   0x0000a4    program     static D:\5th Sem\MicroProcessors\Lab13\labfinal.asm
                      ISR   0x0000ae    program     static D:\5th Sem\MicroProcessors\Lab13\labfinal.asm


